******************************************************************************
                  TI ARM Linker PC v20.2.7                     
******************************************************************************
>> Linked Sat Oct 26 20:28:18 2024

OUTPUT FILE NAME:   <Lab 3.out>
ENTRY POINT SYMBOL: "_c_int00_noargs"  address: 00000e1d


MEMORY CONFIGURATION

         name            origin    length      used     unused   attr    fill
----------------------  --------  ---------  --------  --------  ----  --------
  FLASH                 00000000   00040000  00000ed2  0003f12e  R  X
  SRAM                  20000000   00008000  0000021c  00007de4  RW X


SEGMENT ALLOCATION MAP

run origin  load origin   length   init length attrs members
----------  ----------- ---------- ----------- ----- -------
00000000    00000000    00000ed8   00000ed8    r-x
  00000000    00000000    0000026c   0000026c    r-- .intvecs
  0000026c    0000026c    00000c16   00000c16    r-x .text
  00000e82    00000e82    00000018   00000018    r-- .const
  00000ea0    00000ea0    00000038   00000038    r-- .cinit
20000000    20000000    0000021c   00000000    rw-
  20000000    20000000    00000200   00000000    rw- .stack
  20000200    20000200    00000018   00000000    rw- .data
  20000218    20000218    00000004   00000000    rw- .bss


SECTION ALLOCATION MAP

 output                                  attributes/
section   page    origin      length       input sections
--------  ----  ----------  ----------   ----------------
.intvecs   0    00000000    0000026c     
                  00000000    0000026c     tm4c123gh6pm_startup_ccs.obj (.intvecs)

.text      0    0000026c    00000c16     
                  0000026c    000003d0     main.obj (.text)
                  0000063c    000001d0     Timer0A.obj (.text)
                  0000080c    0000017c     Timer1A.obj (.text)
                  00000988    00000138     SSI2.obj (.text)
                  00000ac0    00000112     tm4c123gh6pm_startup_ccs.obj (.text)
                  00000bd2    0000009c     rtsv7M4_T_le_v4SPD16_eabi.lib : memcpy_t2.asm.obj (.text)
                  00000c6e    00000002     --HOLE-- [fill = 0]
                  00000c70    00000088     PLL.obj (.text)
                  00000cf8    00000078     SysTick.obj (.text)
                  00000d70    00000068     rtsv7M4_T_le_v4SPD16_eabi.lib : copy_decompress_lzss.c.obj (.text:decompress:lzss:__TI_decompress_lzss)
                  00000dd8    00000044                                   : autoinit.c.obj (.text:__TI_auto_init_nobinit_nopinit:__TI_auto_init_nobinit_nopinit)
                  00000e1c    00000034                                   : boot_cortex_m.c.obj (.text:_c_int00_noargs:_c_int00_noargs)
                  00000e50    0000001c                                   : copy_zero_init.c.obj (.text:decompress:ZI:__TI_zero_init_nomemset:__TI_zero_init_nomemset)
                  00000e6c    0000000e                                   : copy_decompress_none.c.obj (.text:decompress:none:__TI_decompress_none)
                  00000e7a    00000004                                   : pre_init.c.obj (.text:_system_pre_init)
                  00000e7e    00000004                                   : exit.c.obj (.text:abort:abort)

.const     0    00000e82    00000018     
                  00000e82    0000000a     SSI2.obj (.const:.string:digitPattern$1)
                  00000e8c    0000000a     SSI2.obj (.const:.string:digitPatternDec$2)
                  00000e96    00000004     SSI2.obj (.const:.string:displayEnable$3)

.cinit     0    00000ea0    00000038     
                  00000ea0    00000014     (.cinit..data.load) [load image, compression = lzss]
                  00000eb4    0000000c     (__TI_handler_table)
                  00000ec0    00000008     (.cinit..bss.load) [load image, compression = zero_init]
                  00000ec8    00000010     (__TI_cinit_table)

.init_array 
*          0    00000000    00000000     UNINITIALIZED

.data      0    20000200    00000018     UNINITIALIZED
                  20000200    0000000c     main.obj (.data)
                  2000020c    00000006     Timer1A.obj (.data)
                  20000212    00000002     --HOLE--
                  20000214    00000004     Timer0A.obj (.data)

.bss       0    20000218    00000004     UNINITIALIZED
                  20000218    00000004     (.common:stopwatchValues)

.stack     0    20000000    00000200     UNINITIALIZED
                  20000000    00000004     rtsv7M4_T_le_v4SPD16_eabi.lib : boot_cortex_m.c.obj (.stack)
                  20000004    000001fc     --HOLE--

__llvm_prf_cnts 
*          0    20000000    00000000     UNINITIALIZED

MODULE SUMMARY

       Module                         code   ro data   rw data
       ------                         ----   -------   -------
    .\
       main.obj                       976    0         16     
       tm4c123gh6pm_startup_ccs.obj   274    620       0      
       Timer0A.obj                    464    0         4      
       Timer1A.obj                    380    0         6      
       SSI2.obj                       312    24        0      
       PLL.obj                        136    0         0      
       SysTick.obj                    120    0         0      
    +--+------------------------------+------+---------+---------+
       Total:                         2662   644       26     
                                                              
    F:\TI\ccs\tools\compiler\ti-cgt-arm_20.2.7.LTS\lib\rtsv7M4_T_le_v4SPD16_eabi.lib
       memcpy_t2.asm.obj              156    0         0      
       copy_decompress_lzss.c.obj     104    0         0      
       autoinit.c.obj                 68     0         0      
       boot_cortex_m.c.obj            52     0         0      
       copy_zero_init.c.obj           28     0         0      
       copy_decompress_none.c.obj     14     0         0      
       exit.c.obj                     4      0         0      
       pre_init.c.obj                 4      0         0      
    +--+------------------------------+------+---------+---------+
       Total:                         430    0         0      
                                                              
       Stack:                         0      0         512    
       Linker Generated:              0      56        0      
    +--+------------------------------+------+---------+---------+
       Grand Total:                   3092   700       538    


LINKER GENERATED COPY TABLES

__TI_cinit_table @ 00000ec8 records: 2, size/record: 8, table size: 16
	.data: load addr=00000ea0, load size=00000014 bytes, run addr=20000200, run size=00000018 bytes, compression=lzss
	.bss: load addr=00000ec0, load size=00000008 bytes, run addr=20000218, run size=00000004 bytes, compression=zero_init


LINKER GENERATED HANDLER TABLE

__TI_handler_table @ 00000eb4 records: 3, size/record: 4, table size: 12
	index: 0, handler: __TI_decompress_lzss
	index: 1, handler: __TI_decompress_none
	index: 2, handler: __TI_zero_init


GLOBAL SYMBOLS: SORTED ALPHABETICALLY BY Name 

address   name                          
-------   ----                          
00000af1  ADC0Seq0_Handler              
00000af3  ADC0Seq1_Handler              
00000af5  ADC0Seq2_Handler              
00000af7  ADC0Seq3_Handler              
00000b35  ADC1Seq0_Handler              
00000b37  ADC1Seq1_Handler              
00000b39  ADC1Seq2_Handler              
00000b3b  ADC1Seq3_Handler              
00000e7f  C$$EXIT                       
00000b23  CAN0_Handler                  
00000b25  CAN1_Handler                  
00000b27  CAN2_Handler                  
00000b07  Comp0_Handler                 
00000b09  Comp1_Handler                 
00000b0b  Comp2_Handler                 
00000acf  DebugMon_Handler              
00000bb9  DisableInterrupts             
00000bbd  EnableInterrupts              
00000bc9  EndCritical                   
00000b29  Ethernet_Handler              
00000b3f  ExtBus_Handler                
00000b79  FPU_Handler                   
00000b89  Fan0_Handler                  
00000b0f  FlashCtl_Handler              
00000ad5  GPIOPortA_Handler             
00000ad7  GPIOPortB_Handler             
00000ad9  GPIOPortC_Handler             
00000adb  GPIOPortD_Handler             
00000add  GPIOPortE_Handler             
0000044b  GPIOPortF_Handler             
00000b13  GPIOPortG_Handler             
00000b15  GPIOPortH_Handler             
00000b41  GPIOPortJ_Handler             
00000b43  GPIOPortK_Handler             
00000b45  GPIOPortL_Handler             
00000b83  GPIOPortM_Handler             
00000b85  GPIOPortN_Handler             
00000b8d  GPIOPortP1_Handler            
00000b8f  GPIOPortP2_Handler            
00000b91  GPIOPortP3_Handler            
00000b93  GPIOPortP4_Handler            
00000b95  GPIOPortP5_Handler            
00000b97  GPIOPortP6_Handler            
00000b99  GPIOPortP7_Handler            
00000b8b  GPIOPortP_Handler             
00000b9d  GPIOPortQ1_Handler            
00000b9f  GPIOPortQ2_Handler            
00000ba1  GPIOPortQ3_Handler            
00000ba3  GPIOPortQ4_Handler            
00000ba5  GPIOPortQ5_Handler            
00000ba7  GPIOPortQ6_Handler            
00000ba9  GPIOPortQ7_Handler            
00000b9b  GPIOPortQ_Handler             
00000bab  GPIOPortR_Handler             
00000bad  GPIOPortS_Handler             
00000b2b  Hibernate_Handler             
00000ae5  I2C0_Handler                  
00000b1f  I2C1_Handler                  
00000b55  I2C2_Handler                  
00000b57  I2C3_Handler                  
00000b7f  I2C4_Handler                  
00000b81  I2C5_Handler                  
00000b3d  I2S0_Handler                  
00000b7d  LPC0_Handler                  
00000b7b  PECI0_Handler                 
00000c71  PLL_Init                      
00000ae7  PWM0Fault_Handler             
00000ae9  PWM0Generator0_Handler        
00000aeb  PWM0Generator1_Handler        
00000aed  PWM0Generator2_Handler        
00000b2f  PWM0Generator3_Handler        
00000bb7  PWM1Fault_Handler             
00000baf  PWM1Generator0_Handler        
00000bb1  PWM1Generator1_Handler        
00000bb3  PWM1Generator2_Handler        
00000bb5  PWM1Generator3_Handler        
00000ad1  PendSV_Handler                
000002bf  PortA_Init                    
0000026d  PortB_Init                    
00000315  PortF_Init                    
00000aef  Quadrature0_Handler           
00000b21  Quadrature1_Handler           
00000b87  Quadrature2_Handler           
00000ac1  ResetISR                      
00000ae3  SSI0_Handler                  
00000b19  SSI1_Handler                  
00000b47  SSI2_Handler                  
00000989  SSI2_init                     
000009ef  SSI2_write                    
00000b49  SSI3_Handler                  
00000acd  SVC_Handler                   
00000bc1  StartCritical                 
00000b0d  SysCtl_Handler                
00000ad3  SysTick_Handler               
00000cf9  SysTick_Init                  
00000d15  SysTick_Wait                  
00000d3b  SysTick_Wait10ms              
000006ad  Timer0A_Handler               
0000063d  Timer0A_Init                  
00000737  Timer0A_Wait                  
00000793  Timer0A_Wait1ms               
00000afd  Timer0B_Handler               
00000879  Timer1A_Handler               
0000080d  Timer1A_Init                  
000008c5  Timer1A_Wait                  
00000921  Timer1A_Wait1ms               
00000b01  Timer1B_Handler               
00000b03  Timer2A_Handler               
00000b05  Timer2B_Handler               
00000b1b  Timer3A_Handler               
00000b1d  Timer3B_Handler               
00000b59  Timer4A_Handler               
00000b5b  Timer4B_Handler               
00000b5d  Timer5A_Handler               
00000b5f  Timer5B_Handler               
00000adf  UART0_Handler                 
00000ae1  UART1_Handler                 
00000b17  UART2_Handler                 
00000b4b  UART3_Handler                 
00000b4d  UART4_Handler                 
00000b4f  UART5_Handler                 
00000b51  UART6_Handler                 
00000b53  UART7_Handler                 
00000b2d  USB0_Handler                  
00000af9  WDT_Handler                   
00000bcf  WaitForInterrupt              
00000b61  WideTimer0A_Handler           
00000b63  WideTimer0B_Handler           
00000b65  WideTimer1A_Handler           
00000b67  WideTimer1B_Handler           
00000b69  WideTimer2A_Handler           
00000b6b  WideTimer2B_Handler           
00000b6d  WideTimer3A_Handler           
00000b6f  WideTimer3B_Handler           
00000b71  WideTimer4A_Handler           
00000b73  WideTimer4B_Handler           
00000b75  WideTimer5A_Handler           
00000b77  WideTimer5B_Handler           
20000200  __STACK_END                   
00000200  __STACK_SIZE                  
20000200  __STACK_TOP                   
00000ec8  __TI_CINIT_Base               
00000ed8  __TI_CINIT_Limit              
00000eb4  __TI_Handler_Table_Base       
00000ec0  __TI_Handler_Table_Limit      
00000dd9  __TI_auto_init_nobinit_nopinit
00000d71  __TI_decompress_lzss          
00000e6d  __TI_decompress_none          
ffffffff  __TI_pprof_out_hndl           
ffffffff  __TI_prof_data_size           
ffffffff  __TI_prof_data_start          
00000000  __TI_static_base__            
00000e51  __TI_zero_init_nomemset       
00000bd3  __aeabi_memcpy                
00000bd3  __aeabi_memcpy4               
00000bd3  __aeabi_memcpy8               
ffffffff  __binit__                     
ffffffff  __c_args__                    
UNDEFED   __mpu_init                    
20000000  __stack                       
20000000  __start___llvm_prf_cnts       
20000000  __stop___llvm_prf_cnts        
00000e1d  _c_int00_noargs               
UNDEFED   _system_post_cinit            
00000e7b  _system_pre_init              
00000e7f  abort                         
ffffffff  binit                         
20000210  currentDigit                  
00000a27  displayDigit                  
20000211  displayState                  
00000000  g_pfnVectors                  
0000054b  main                          
00000bd3  memcpy                        
20000200  milliseconds                  
20000208  prevSwitches                  
000003b3  sevenseg_init                 
20000204  stopwatchRunning              
20000218  stopwatchValues               
20000214  sysClkFreq                    
2000020c  sysClkFreq1                   
00000b33  uDMA_Error                    
00000b31  uDMA_Handler                  


GLOBAL SYMBOLS: SORTED BY Symbol Address 

address   name                          
-------   ----                          
00000000  __TI_static_base__            
00000000  g_pfnVectors                  
00000200  __STACK_SIZE                  
0000026d  PortB_Init                    
000002bf  PortA_Init                    
00000315  PortF_Init                    
000003b3  sevenseg_init                 
0000044b  GPIOPortF_Handler             
0000054b  main                          
0000063d  Timer0A_Init                  
000006ad  Timer0A_Handler               
00000737  Timer0A_Wait                  
00000793  Timer0A_Wait1ms               
0000080d  Timer1A_Init                  
00000879  Timer1A_Handler               
000008c5  Timer1A_Wait                  
00000921  Timer1A_Wait1ms               
00000989  SSI2_init                     
000009ef  SSI2_write                    
00000a27  displayDigit                  
00000ac1  ResetISR                      
00000acd  SVC_Handler                   
00000acf  DebugMon_Handler              
00000ad1  PendSV_Handler                
00000ad3  SysTick_Handler               
00000ad5  GPIOPortA_Handler             
00000ad7  GPIOPortB_Handler             
00000ad9  GPIOPortC_Handler             
00000adb  GPIOPortD_Handler             
00000add  GPIOPortE_Handler             
00000adf  UART0_Handler                 
00000ae1  UART1_Handler                 
00000ae3  SSI0_Handler                  
00000ae5  I2C0_Handler                  
00000ae7  PWM0Fault_Handler             
00000ae9  PWM0Generator0_Handler        
00000aeb  PWM0Generator1_Handler        
00000aed  PWM0Generator2_Handler        
00000aef  Quadrature0_Handler           
00000af1  ADC0Seq0_Handler              
00000af3  ADC0Seq1_Handler              
00000af5  ADC0Seq2_Handler              
00000af7  ADC0Seq3_Handler              
00000af9  WDT_Handler                   
00000afd  Timer0B_Handler               
00000b01  Timer1B_Handler               
00000b03  Timer2A_Handler               
00000b05  Timer2B_Handler               
00000b07  Comp0_Handler                 
00000b09  Comp1_Handler                 
00000b0b  Comp2_Handler                 
00000b0d  SysCtl_Handler                
00000b0f  FlashCtl_Handler              
00000b13  GPIOPortG_Handler             
00000b15  GPIOPortH_Handler             
00000b17  UART2_Handler                 
00000b19  SSI1_Handler                  
00000b1b  Timer3A_Handler               
00000b1d  Timer3B_Handler               
00000b1f  I2C1_Handler                  
00000b21  Quadrature1_Handler           
00000b23  CAN0_Handler                  
00000b25  CAN1_Handler                  
00000b27  CAN2_Handler                  
00000b29  Ethernet_Handler              
00000b2b  Hibernate_Handler             
00000b2d  USB0_Handler                  
00000b2f  PWM0Generator3_Handler        
00000b31  uDMA_Handler                  
00000b33  uDMA_Error                    
00000b35  ADC1Seq0_Handler              
00000b37  ADC1Seq1_Handler              
00000b39  ADC1Seq2_Handler              
00000b3b  ADC1Seq3_Handler              
00000b3d  I2S0_Handler                  
00000b3f  ExtBus_Handler                
00000b41  GPIOPortJ_Handler             
00000b43  GPIOPortK_Handler             
00000b45  GPIOPortL_Handler             
00000b47  SSI2_Handler                  
00000b49  SSI3_Handler                  
00000b4b  UART3_Handler                 
00000b4d  UART4_Handler                 
00000b4f  UART5_Handler                 
00000b51  UART6_Handler                 
00000b53  UART7_Handler                 
00000b55  I2C2_Handler                  
00000b57  I2C3_Handler                  
00000b59  Timer4A_Handler               
00000b5b  Timer4B_Handler               
00000b5d  Timer5A_Handler               
00000b5f  Timer5B_Handler               
00000b61  WideTimer0A_Handler           
00000b63  WideTimer0B_Handler           
00000b65  WideTimer1A_Handler           
00000b67  WideTimer1B_Handler           
00000b69  WideTimer2A_Handler           
00000b6b  WideTimer2B_Handler           
00000b6d  WideTimer3A_Handler           
00000b6f  WideTimer3B_Handler           
00000b71  WideTimer4A_Handler           
00000b73  WideTimer4B_Handler           
00000b75  WideTimer5A_Handler           
00000b77  WideTimer5B_Handler           
00000b79  FPU_Handler                   
00000b7b  PECI0_Handler                 
00000b7d  LPC0_Handler                  
00000b7f  I2C4_Handler                  
00000b81  I2C5_Handler                  
00000b83  GPIOPortM_Handler             
00000b85  GPIOPortN_Handler             
00000b87  Quadrature2_Handler           
00000b89  Fan0_Handler                  
00000b8b  GPIOPortP_Handler             
00000b8d  GPIOPortP1_Handler            
00000b8f  GPIOPortP2_Handler            
00000b91  GPIOPortP3_Handler            
00000b93  GPIOPortP4_Handler            
00000b95  GPIOPortP5_Handler            
00000b97  GPIOPortP6_Handler            
00000b99  GPIOPortP7_Handler            
00000b9b  GPIOPortQ_Handler             
00000b9d  GPIOPortQ1_Handler            
00000b9f  GPIOPortQ2_Handler            
00000ba1  GPIOPortQ3_Handler            
00000ba3  GPIOPortQ4_Handler            
00000ba5  GPIOPortQ5_Handler            
00000ba7  GPIOPortQ6_Handler            
00000ba9  GPIOPortQ7_Handler            
00000bab  GPIOPortR_Handler             
00000bad  GPIOPortS_Handler             
00000baf  PWM1Generator0_Handler        
00000bb1  PWM1Generator1_Handler        
00000bb3  PWM1Generator2_Handler        
00000bb5  PWM1Generator3_Handler        
00000bb7  PWM1Fault_Handler             
00000bb9  DisableInterrupts             
00000bbd  EnableInterrupts              
00000bc1  StartCritical                 
00000bc9  EndCritical                   
00000bcf  WaitForInterrupt              
00000bd3  __aeabi_memcpy                
00000bd3  __aeabi_memcpy4               
00000bd3  __aeabi_memcpy8               
00000bd3  memcpy                        
00000c71  PLL_Init                      
00000cf9  SysTick_Init                  
00000d15  SysTick_Wait                  
00000d3b  SysTick_Wait10ms              
00000d71  __TI_decompress_lzss          
00000dd9  __TI_auto_init_nobinit_nopinit
00000e1d  _c_int00_noargs               
00000e51  __TI_zero_init_nomemset       
00000e6d  __TI_decompress_none          
00000e7b  _system_pre_init              
00000e7f  C$$EXIT                       
00000e7f  abort                         
00000eb4  __TI_Handler_Table_Base       
00000ec0  __TI_Handler_Table_Limit      
00000ec8  __TI_CINIT_Base               
00000ed8  __TI_CINIT_Limit              
20000000  __stack                       
20000000  __start___llvm_prf_cnts       
20000000  __stop___llvm_prf_cnts        
20000200  __STACK_END                   
20000200  __STACK_TOP                   
20000200  milliseconds                  
20000204  stopwatchRunning              
20000208  prevSwitches                  
2000020c  sysClkFreq1                   
20000210  currentDigit                  
20000211  displayState                  
20000214  sysClkFreq                    
20000218  stopwatchValues               
ffffffff  __TI_pprof_out_hndl           
ffffffff  __TI_prof_data_size           
ffffffff  __TI_prof_data_start          
ffffffff  __binit__                     
ffffffff  __c_args__                    
ffffffff  binit                         
UNDEFED   __mpu_init                    
UNDEFED   _system_post_cinit            

[182 symbols]
