******************************************************************************
                  TI ARM Linker PC v20.2.7                     
******************************************************************************
>> Linked Fri Dec 13 23:26:42 2024

OUTPUT FILE NAME:   <Lab 5.out>
ENTRY POINT SYMBOL: "_c_int00_noargs"  address: 000007d5


MEMORY CONFIGURATION

         name            origin    length      used     unused   attr    fill
----------------------  --------  ---------  --------  --------  ----  --------
  FLASH                 00000000   00040000  000008b2  0003f74e  R  X
  SRAM                  20000000   00008000  00000209  00007df7  RW X


SEGMENT ALLOCATION MAP

run origin  load origin   length   init length attrs members
----------  ----------- ---------- ----------- ----- -------
00000000    00000000    000008b8   000008b8    r-x
  00000000    00000000    0000026c   0000026c    r-- .intvecs
  0000026c    0000026c    000005f6   000005f6    r-x .text
  00000862    00000862    00000020   00000020    r-- .const
  00000888    00000888    00000030   00000030    r-- .cinit
20000000    20000000    0000020c   00000000    rw-
  20000000    20000000    00000200   00000000    rw- .stack
  20000200    20000200    00000005   00000000    rw- .data
  20000208    20000208    00000004   00000000    rw- .bss


SECTION ALLOCATION MAP

 output                                  attributes/
section   page    origin      length       input sections
--------  ----  ----------  ----------   ----------------
.intvecs   0    00000000    0000026c     
                  00000000    0000026c     tm4c123gh6pm_startup_ccs.obj (.intvecs)

.text      0    0000026c    000005f6     
                  0000026c    00000164     Timer0A.obj (.text)
                  000003d0    00000112     tm4c123gh6pm_startup_ccs.obj (.text)
                  000004e2    0000009c     rtsv7M4_T_le_v4SPD16_eabi.lib : memcpy_t2.asm.obj (.text)
                  0000057e    00000002     --HOLE-- [fill = 0]
                  00000580    00000088     PLL.obj (.text)
                  00000608    00000070     piano.obj (.text)
                  00000678    00000068     rtsv7M4_T_le_v4SPD16_eabi.lib : copy_decompress_lzss.c.obj (.text:decompress:lzss:__TI_decompress_lzss)
                  000006e0    00000058     DAC.obj (.text)
                  00000738    00000058     main.obj (.text)
                  00000790    00000044     rtsv7M4_T_le_v4SPD16_eabi.lib : autoinit.c.obj (.text:__TI_auto_init_nobinit_nopinit:__TI_auto_init_nobinit_nopinit)
                  000007d4    00000034                                   : boot_cortex_m.c.obj (.text:_c_int00_noargs:_c_int00_noargs)
                  00000808    00000028     Sound.obj (.text)
                  00000830    0000001c     rtsv7M4_T_le_v4SPD16_eabi.lib : copy_zero_init.c.obj (.text:decompress:ZI:__TI_zero_init_nomemset:__TI_zero_init_nomemset)
                  0000084c    0000000e                                   : copy_decompress_none.c.obj (.text:decompress:none:__TI_decompress_none)
                  0000085a    00000004                                   : pre_init.c.obj (.text:_system_pre_init)
                  0000085e    00000004                                   : exit.c.obj (.text:abort:abort)

.const     0    00000862    00000020     
                  00000862    00000020     Timer0A.obj (.const:.string:sineTable)

.cinit     0    00000888    00000030     
                  00000888    0000000c     (__TI_handler_table)
                  00000894    00000009     (.cinit..data.load) [load image, compression = lzss]
                  0000089d    00000003     --HOLE-- [fill = 0]
                  000008a0    00000008     (.cinit..bss.load) [load image, compression = zero_init]
                  000008a8    00000010     (__TI_cinit_table)

.init_array 
*          0    00000000    00000000     UNINITIALIZED

.data      0    20000200    00000005     UNINITIALIZED
                  20000200    00000005     Timer0A.obj (.data)

.bss       0    20000208    00000004     UNINITIALIZED
                  20000208    00000004     (.common:Note)

.stack     0    20000000    00000200     UNINITIALIZED
                  20000000    00000004     rtsv7M4_T_le_v4SPD16_eabi.lib : boot_cortex_m.c.obj (.stack)
                  20000004    000001fc     --HOLE--

__llvm_prf_cnts 
*          0    20000000    00000000     UNINITIALIZED

MODULE SUMMARY

       Module                         code   ro data   rw data
       ------                         ----   -------   -------
    .\
       tm4c123gh6pm_startup_ccs.obj   274    620       0      
       Timer0A.obj                    356    32        5      
       PLL.obj                        136    0         0      
       piano.obj                      112    0         0      
       DAC.obj                        88     0         0      
       main.obj                       88     0         0      
       Sound.obj                      40     0         4      
    +--+------------------------------+------+---------+---------+
       Total:                         1094   652       9      
                                                              
    F:\TI\ccs\tools\compiler\ti-cgt-arm_20.2.7.LTS\lib\rtsv7M4_T_le_v4SPD16_eabi.lib
       memcpy_t2.asm.obj              156    0         0      
       copy_decompress_lzss.c.obj     104    0         0      
       autoinit.c.obj                 68     0         0      
       boot_cortex_m.c.obj            52     0         0      
       copy_zero_init.c.obj           28     0         0      
       copy_decompress_none.c.obj     14     0         0      
       exit.c.obj                     4      0         0      
       pre_init.c.obj                 4      0         0      
    +--+------------------------------+------+---------+---------+
       Total:                         430    0         0      
                                                              
       Stack:                         0      0         512    
       Linker Generated:              0      45        0      
    +--+------------------------------+------+---------+---------+
       Grand Total:                   1524   697       521    


LINKER GENERATED COPY TABLES

__TI_cinit_table @ 000008a8 records: 2, size/record: 8, table size: 16
	.data: load addr=00000894, load size=00000009 bytes, run addr=20000200, run size=00000005 bytes, compression=lzss
	.bss: load addr=000008a0, load size=00000008 bytes, run addr=20000208, run size=00000004 bytes, compression=zero_init


LINKER GENERATED HANDLER TABLE

__TI_handler_table @ 00000888 records: 3, size/record: 4, table size: 12
	index: 0, handler: __TI_decompress_lzss
	index: 1, handler: __TI_decompress_none
	index: 2, handler: __TI_zero_init


GLOBAL SYMBOLS: SORTED ALPHABETICALLY BY Name 

address   name                          
-------   ----                          
00000401  ADC0Seq0_Handler              
00000403  ADC0Seq1_Handler              
00000405  ADC0Seq2_Handler              
00000407  ADC0Seq3_Handler              
00000445  ADC1Seq0_Handler              
00000447  ADC1Seq1_Handler              
00000449  ADC1Seq2_Handler              
0000044b  ADC1Seq3_Handler              
0000085f  C$$EXIT                       
00000433  CAN0_Handler                  
00000435  CAN1_Handler                  
00000437  CAN2_Handler                  
00000417  Comp0_Handler                 
00000419  Comp1_Handler                 
0000041b  Comp2_Handler                 
000006e1  DAC_Init                      
00000709  DAC_Out                       
000003df  DebugMon_Handler              
000004c9  DisableInterrupts             
000004cd  EnableInterrupts              
000004d9  EndCritical                   
00000439  Ethernet_Handler              
0000044f  ExtBus_Handler                
00000489  FPU_Handler                   
00000499  Fan0_Handler                  
0000041f  FlashCtl_Handler              
000003e5  GPIOPortA_Handler             
000003e7  GPIOPortB_Handler             
000003e9  GPIOPortC_Handler             
000003eb  GPIOPortD_Handler             
000003ed  GPIOPortE_Handler             
00000421  GPIOPortF_Handler             
00000423  GPIOPortG_Handler             
00000425  GPIOPortH_Handler             
00000451  GPIOPortJ_Handler             
00000453  GPIOPortK_Handler             
00000455  GPIOPortL_Handler             
00000493  GPIOPortM_Handler             
00000495  GPIOPortN_Handler             
0000049d  GPIOPortP1_Handler            
0000049f  GPIOPortP2_Handler            
000004a1  GPIOPortP3_Handler            
000004a3  GPIOPortP4_Handler            
000004a5  GPIOPortP5_Handler            
000004a7  GPIOPortP6_Handler            
000004a9  GPIOPortP7_Handler            
0000049b  GPIOPortP_Handler             
000004ad  GPIOPortQ1_Handler            
000004af  GPIOPortQ2_Handler            
000004b1  GPIOPortQ3_Handler            
000004b3  GPIOPortQ4_Handler            
000004b5  GPIOPortQ5_Handler            
000004b7  GPIOPortQ6_Handler            
000004b9  GPIOPortQ7_Handler            
000004ab  GPIOPortQ_Handler             
000004bb  GPIOPortR_Handler             
000004bd  GPIOPortS_Handler             
0000043b  Hibernate_Handler             
000003f5  I2C0_Handler                  
0000042f  I2C1_Handler                  
00000465  I2C2_Handler                  
00000467  I2C3_Handler                  
0000048f  I2C4_Handler                  
00000491  I2C5_Handler                  
0000044d  I2S0_Handler                  
0000048d  LPC0_Handler                  
20000208  Note                          
0000048b  PECI0_Handler                 
00000581  PLL_Init                      
000003f7  PWM0Fault_Handler             
000003f9  PWM0Generator0_Handler        
000003fb  PWM0Generator1_Handler        
000003fd  PWM0Generator2_Handler        
0000043f  PWM0Generator3_Handler        
000004c7  PWM1Fault_Handler             
000004bf  PWM1Generator0_Handler        
000004c1  PWM1Generator1_Handler        
000004c3  PWM1Generator2_Handler        
000004c5  PWM1Generator3_Handler        
000003e1  PendSV_Handler                
00000609  Piano_Init                    
0000064b  Piano_Out                     
000003ff  Quadrature0_Handler           
00000431  Quadrature1_Handler           
00000497  Quadrature2_Handler           
000003d1  ResetISR                      
000003f3  SSI0_Handler                  
00000429  SSI1_Handler                  
00000457  SSI2_Handler                  
00000459  SSI3_Handler                  
000003dd  SVC_Handler                   
00000809  Sound_Init                    
00000817  Sound_Play                    
000004d1  StartCritical                 
0000041d  SysCtl_Handler                
000003e3  SysTick_Handler               
000002d5  Timer0A_Handler               
0000026d  Timer0A_Init                  
00000309  Timer0A_Wait                  
00000365  Timer0A_Wait1ms               
0000040d  Timer0B_Handler               
0000040f  Timer1A_Handler               
00000411  Timer1B_Handler               
00000413  Timer2A_Handler               
00000415  Timer2B_Handler               
0000042b  Timer3A_Handler               
0000042d  Timer3B_Handler               
00000469  Timer4A_Handler               
0000046b  Timer4B_Handler               
0000046d  Timer5A_Handler               
0000046f  Timer5B_Handler               
000003ef  UART0_Handler                 
000003f1  UART1_Handler                 
00000427  UART2_Handler                 
0000045b  UART3_Handler                 
0000045d  UART4_Handler                 
0000045f  UART5_Handler                 
00000461  UART6_Handler                 
00000463  UART7_Handler                 
0000043d  USB0_Handler                  
00000409  WDT_Handler                   
000004df  WaitForInterrupt              
00000471  WideTimer0A_Handler           
00000473  WideTimer0B_Handler           
00000475  WideTimer1A_Handler           
00000477  WideTimer1B_Handler           
00000479  WideTimer2A_Handler           
0000047b  WideTimer2B_Handler           
0000047d  WideTimer3A_Handler           
0000047f  WideTimer3B_Handler           
00000481  WideTimer4A_Handler           
00000483  WideTimer4B_Handler           
00000485  WideTimer5A_Handler           
00000487  WideTimer5B_Handler           
20000200  __STACK_END                   
00000200  __STACK_SIZE                  
20000200  __STACK_TOP                   
000008a8  __TI_CINIT_Base               
000008b8  __TI_CINIT_Limit              
00000888  __TI_Handler_Table_Base       
00000894  __TI_Handler_Table_Limit      
00000791  __TI_auto_init_nobinit_nopinit
00000679  __TI_decompress_lzss          
0000084d  __TI_decompress_none          
ffffffff  __TI_pprof_out_hndl           
ffffffff  __TI_prof_data_size           
ffffffff  __TI_prof_data_start          
00000000  __TI_static_base__            
00000831  __TI_zero_init_nomemset       
000004e3  __aeabi_memcpy                
000004e3  __aeabi_memcpy4               
000004e3  __aeabi_memcpy8               
ffffffff  __binit__                     
ffffffff  __c_args__                    
UNDEFED   __mpu_init                    
20000000  __stack                       
20000000  __start___llvm_prf_cnts       
20000000  __stop___llvm_prf_cnts        
000007d5  _c_int00_noargs               
UNDEFED   _system_post_cinit            
0000085b  _system_pre_init              
0000085f  abort                         
ffffffff  binit                         
00000000  g_pfnVectors                  
20000204  index                         
00000739  main                          
000004e3  memcpy                        
00000862  sineTable                     
20000200  sysClkFreq                    
00000443  uDMA_Error                    
00000441  uDMA_Handler                  


GLOBAL SYMBOLS: SORTED BY Symbol Address 

address   name                          
-------   ----                          
00000000  __TI_static_base__            
00000000  g_pfnVectors                  
00000200  __STACK_SIZE                  
0000026d  Timer0A_Init                  
000002d5  Timer0A_Handler               
00000309  Timer0A_Wait                  
00000365  Timer0A_Wait1ms               
000003d1  ResetISR                      
000003dd  SVC_Handler                   
000003df  DebugMon_Handler              
000003e1  PendSV_Handler                
000003e3  SysTick_Handler               
000003e5  GPIOPortA_Handler             
000003e7  GPIOPortB_Handler             
000003e9  GPIOPortC_Handler             
000003eb  GPIOPortD_Handler             
000003ed  GPIOPortE_Handler             
000003ef  UART0_Handler                 
000003f1  UART1_Handler                 
000003f3  SSI0_Handler                  
000003f5  I2C0_Handler                  
000003f7  PWM0Fault_Handler             
000003f9  PWM0Generator0_Handler        
000003fb  PWM0Generator1_Handler        
000003fd  PWM0Generator2_Handler        
000003ff  Quadrature0_Handler           
00000401  ADC0Seq0_Handler              
00000403  ADC0Seq1_Handler              
00000405  ADC0Seq2_Handler              
00000407  ADC0Seq3_Handler              
00000409  WDT_Handler                   
0000040d  Timer0B_Handler               
0000040f  Timer1A_Handler               
00000411  Timer1B_Handler               
00000413  Timer2A_Handler               
00000415  Timer2B_Handler               
00000417  Comp0_Handler                 
00000419  Comp1_Handler                 
0000041b  Comp2_Handler                 
0000041d  SysCtl_Handler                
0000041f  FlashCtl_Handler              
00000421  GPIOPortF_Handler             
00000423  GPIOPortG_Handler             
00000425  GPIOPortH_Handler             
00000427  UART2_Handler                 
00000429  SSI1_Handler                  
0000042b  Timer3A_Handler               
0000042d  Timer3B_Handler               
0000042f  I2C1_Handler                  
00000431  Quadrature1_Handler           
00000433  CAN0_Handler                  
00000435  CAN1_Handler                  
00000437  CAN2_Handler                  
00000439  Ethernet_Handler              
0000043b  Hibernate_Handler             
0000043d  USB0_Handler                  
0000043f  PWM0Generator3_Handler        
00000441  uDMA_Handler                  
00000443  uDMA_Error                    
00000445  ADC1Seq0_Handler              
00000447  ADC1Seq1_Handler              
00000449  ADC1Seq2_Handler              
0000044b  ADC1Seq3_Handler              
0000044d  I2S0_Handler                  
0000044f  ExtBus_Handler                
00000451  GPIOPortJ_Handler             
00000453  GPIOPortK_Handler             
00000455  GPIOPortL_Handler             
00000457  SSI2_Handler                  
00000459  SSI3_Handler                  
0000045b  UART3_Handler                 
0000045d  UART4_Handler                 
0000045f  UART5_Handler                 
00000461  UART6_Handler                 
00000463  UART7_Handler                 
00000465  I2C2_Handler                  
00000467  I2C3_Handler                  
00000469  Timer4A_Handler               
0000046b  Timer4B_Handler               
0000046d  Timer5A_Handler               
0000046f  Timer5B_Handler               
00000471  WideTimer0A_Handler           
00000473  WideTimer0B_Handler           
00000475  WideTimer1A_Handler           
00000477  WideTimer1B_Handler           
00000479  WideTimer2A_Handler           
0000047b  WideTimer2B_Handler           
0000047d  WideTimer3A_Handler           
0000047f  WideTimer3B_Handler           
00000481  WideTimer4A_Handler           
00000483  WideTimer4B_Handler           
00000485  WideTimer5A_Handler           
00000487  WideTimer5B_Handler           
00000489  FPU_Handler                   
0000048b  PECI0_Handler                 
0000048d  LPC0_Handler                  
0000048f  I2C4_Handler                  
00000491  I2C5_Handler                  
00000493  GPIOPortM_Handler             
00000495  GPIOPortN_Handler             
00000497  Quadrature2_Handler           
00000499  Fan0_Handler                  
0000049b  GPIOPortP_Handler             
0000049d  GPIOPortP1_Handler            
0000049f  GPIOPortP2_Handler            
000004a1  GPIOPortP3_Handler            
000004a3  GPIOPortP4_Handler            
000004a5  GPIOPortP5_Handler            
000004a7  GPIOPortP6_Handler            
000004a9  GPIOPortP7_Handler            
000004ab  GPIOPortQ_Handler             
000004ad  GPIOPortQ1_Handler            
000004af  GPIOPortQ2_Handler            
000004b1  GPIOPortQ3_Handler            
000004b3  GPIOPortQ4_Handler            
000004b5  GPIOPortQ5_Handler            
000004b7  GPIOPortQ6_Handler            
000004b9  GPIOPortQ7_Handler            
000004bb  GPIOPortR_Handler             
000004bd  GPIOPortS_Handler             
000004bf  PWM1Generator0_Handler        
000004c1  PWM1Generator1_Handler        
000004c3  PWM1Generator2_Handler        
000004c5  PWM1Generator3_Handler        
000004c7  PWM1Fault_Handler             
000004c9  DisableInterrupts             
000004cd  EnableInterrupts              
000004d1  StartCritical                 
000004d9  EndCritical                   
000004df  WaitForInterrupt              
000004e3  __aeabi_memcpy                
000004e3  __aeabi_memcpy4               
000004e3  __aeabi_memcpy8               
000004e3  memcpy                        
00000581  PLL_Init                      
00000609  Piano_Init                    
0000064b  Piano_Out                     
00000679  __TI_decompress_lzss          
000006e1  DAC_Init                      
00000709  DAC_Out                       
00000739  main                          
00000791  __TI_auto_init_nobinit_nopinit
000007d5  _c_int00_noargs               
00000809  Sound_Init                    
00000817  Sound_Play                    
00000831  __TI_zero_init_nomemset       
0000084d  __TI_decompress_none          
0000085b  _system_pre_init              
0000085f  C$$EXIT                       
0000085f  abort                         
00000862  sineTable                     
00000888  __TI_Handler_Table_Base       
00000894  __TI_Handler_Table_Limit      
000008a8  __TI_CINIT_Base               
000008b8  __TI_CINIT_Limit              
20000000  __stack                       
20000000  __start___llvm_prf_cnts       
20000000  __stop___llvm_prf_cnts        
20000200  __STACK_END                   
20000200  __STACK_TOP                   
20000200  sysClkFreq                    
20000204  index                         
20000208  Note                          
ffffffff  __TI_pprof_out_hndl           
ffffffff  __TI_prof_data_size           
ffffffff  __TI_prof_data_start          
ffffffff  __binit__                     
ffffffff  __c_args__                    
ffffffff  binit                         
UNDEFED   __mpu_init                    
UNDEFED   _system_post_cinit            

[171 symbols]
