******************************************************************************
                  TI ARM Linker PC v20.2.7                     
******************************************************************************
>> Linked Wed Oct  9 20:06:55 2024

OUTPUT FILE NAME:   <Lab2Part1_TivaC.out>
ENTRY POINT SYMBOL: "_c_int00_noargs"  address: 000006d5


MEMORY CONFIGURATION

         name            origin    length      used     unused   attr    fill
----------------------  --------  ---------  --------  --------  ----  --------
  FLASH                 00000000   00040000  0000088e  0003f772  R  X
  SRAM                  20000000   00008000  00000210  00007df0  RW X


SEGMENT ALLOCATION MAP

run origin  load origin   length   init length attrs members
----------  ----------- ---------- ----------- ----- -------
00000000    00000000    00000890   00000890    r-x
  00000000    00000000    0000026c   0000026c    r-- .intvecs
  0000026c    0000026c    000004da   000004da    r-x .text
  00000748    00000748    00000118   00000118    r-- .const
  00000860    00000860    00000030   00000030    r-- .cinit
20000000    20000000    00000210   00000000    rw-
  20000000    20000000    00000200   00000000    rw- .stack
  20000200    20000200    00000008   00000000    rw- .bss
  20000208    20000208    00000008   00000000    rw- .data


SECTION ALLOCATION MAP

 output                                  attributes/
section   page    origin      length       input sections
--------  ----  ----------  ----------   ----------------
.intvecs   0    00000000    0000026c     
                  00000000    0000026c     tm4c123gh6pm_startup_ccs.obj (.intvecs)

.text      0    0000026c    000004da     
                  0000026c    00000220     main.obj (.text)
                  0000048c    0000009c     rtsv7M4_T_le_v4SPD16_eabi.lib : memcpy_t2.asm.obj (.text)
                  00000528    00000088     PLL.obj (.text)
                  000005b0    00000078     SysTick.obj (.text)
                  00000628    00000068     rtsv7M4_T_le_v4SPD16_eabi.lib : copy_decompress_lzss.c.obj (.text:decompress:lzss:__TI_decompress_lzss)
                  00000690    00000044                                   : autoinit.c.obj (.text:__TI_auto_init_nobinit_nopinit:__TI_auto_init_nobinit_nopinit)
                  000006d4    00000034                                   : boot_cortex_m.c.obj (.text:_c_int00_noargs:_c_int00_noargs)
                  00000708    0000001c                                   : copy_zero_init.c.obj (.text:decompress:ZI:__TI_zero_init_nomemset:__TI_zero_init_nomemset)
                  00000724    0000000e                                   : copy_decompress_none.c.obj (.text:decompress:none:__TI_decompress_none)
                  00000732    0000000c     tm4c123gh6pm_startup_ccs.obj (.text)
                  0000073e    00000004     rtsv7M4_T_le_v4SPD16_eabi.lib : pre_init.c.obj (.text:_system_pre_init)
                  00000742    00000004                                   : exit.c.obj (.text:abort:abort)

.const     0    00000748    00000118     
                  00000748    00000118     main.obj (.const:FSM)

.cinit     0    00000860    00000030     
                  00000860    0000000c     (__TI_handler_table)
                  0000086c    00000004     --HOLE-- [fill = 0]
                  00000870    00000008     (.cinit..bss.load) [load image, compression = zero_init]
                  00000878    00000008     (.cinit..data.load) [load image, compression = lzss]
                  00000880    00000010     (__TI_cinit_table)

.init_array 
*          0    00000000    00000000     UNINITIALIZED

.bss       0    20000200    00000008     UNINITIALIZED
                  20000200    00000004     (.common:Pt)
                  20000204    00000004     (.common:input)

.data      0    20000208    00000008     UNINITIALIZED
                  20000208    00000008     main.obj (.data)

.stack     0    20000000    00000200     UNINITIALIZED
                  20000000    00000004     rtsv7M4_T_le_v4SPD16_eabi.lib : boot_cortex_m.c.obj (.stack)
                  20000004    000001fc     --HOLE--

__llvm_prf_cnts 
*          0    20000000    00000000     UNINITIALIZED

MODULE SUMMARY

       Module                         code   ro data   rw data
       ------                         ----   -------   -------
    .\
       main.obj                       544    280       16     
       tm4c123gh6pm_startup_ccs.obj   12     620       0      
       PLL.obj                        136    0         0      
       SysTick.obj                    120    0         0      
    +--+------------------------------+------+---------+---------+
       Total:                         812    900       16     
                                                              
    C:\ti\ccs1240\ccs\tools\compiler\ti-cgt-arm_20.2.7.LTS\lib\rtsv7M4_T_le_v4SPD16_eabi.lib
       memcpy_t2.asm.obj              156    0         0      
       copy_decompress_lzss.c.obj     104    0         0      
       autoinit.c.obj                 68     0         0      
       boot_cortex_m.c.obj            52     0         0      
       copy_zero_init.c.obj           28     0         0      
       copy_decompress_none.c.obj     14     0         0      
       exit.c.obj                     4      0         0      
       pre_init.c.obj                 4      0         0      
    +--+------------------------------+------+---------+---------+
       Total:                         430    0         0      
                                                              
       Stack:                         0      0         512    
       Linker Generated:              0      44        0      
    +--+------------------------------+------+---------+---------+
       Grand Total:                   1242   944       528    


LINKER GENERATED COPY TABLES

__TI_cinit_table @ 00000880 records: 2, size/record: 8, table size: 16
	.bss: load addr=00000870, load size=00000008 bytes, run addr=20000200, run size=00000008 bytes, compression=zero_init
	.data: load addr=00000878, load size=00000008 bytes, run addr=20000208, run size=00000008 bytes, compression=lzss


LINKER GENERATED HANDLER TABLE

__TI_handler_table @ 00000860 records: 3, size/record: 4, table size: 12
	index: 0, handler: __TI_decompress_lzss
	index: 1, handler: __TI_decompress_none
	index: 2, handler: __TI_zero_init


GLOBAL SYMBOLS: SORTED ALPHABETICALLY BY Name 

address   name                          
-------   ----                          
00000743  C$$EXIT                       
00000748  FSM                           
00000529  PLL_Init                      
000002c3  PortA_Init                    
0000026d  PortD_Init                    
20000200  Pt                            
00000733  ResetISR                      
00000397  ShiftRegister_Clear           
00000381  ShiftRegister_LatchData       
00000319  ShiftRegister_ShiftData       
000005b1  SysTick_Init                  
000005cd  SysTick_Wait                  
000005f3  SysTick_Wait10ms              
20000200  __STACK_END                   
00000200  __STACK_SIZE                  
20000200  __STACK_TOP                   
00000880  __TI_CINIT_Base               
00000890  __TI_CINIT_Limit              
00000860  __TI_Handler_Table_Base       
0000086c  __TI_Handler_Table_Limit      
00000691  __TI_auto_init_nobinit_nopinit
00000629  __TI_decompress_lzss          
00000725  __TI_decompress_none          
ffffffff  __TI_pprof_out_hndl           
ffffffff  __TI_prof_data_size           
ffffffff  __TI_prof_data_start          
00000000  __TI_static_base__            
00000709  __TI_zero_init_nomemset       
0000048d  __aeabi_memcpy                
0000048d  __aeabi_memcpy4               
0000048d  __aeabi_memcpy8               
ffffffff  __binit__                     
ffffffff  __c_args__                    
UNDEFED   __mpu_init                    
20000000  __stack                       
20000000  __start___llvm_prf_cnts       
20000000  __stop___llvm_prf_cnts        
000006d5  _c_int00_noargs               
UNDEFED   _system_post_cinit            
0000073f  _system_pre_init              
00000743  abort                         
ffffffff  binit                         
00000000  g_pfnVectors                  
20000204  input                         
000003ad  main                          
0000048d  memcpy                        
2000020c  pedButtonTimer                
20000208  previousInput                 


GLOBAL SYMBOLS: SORTED BY Symbol Address 

address   name                          
-------   ----                          
00000000  __TI_static_base__            
00000000  g_pfnVectors                  
00000200  __STACK_SIZE                  
0000026d  PortD_Init                    
000002c3  PortA_Init                    
00000319  ShiftRegister_ShiftData       
00000381  ShiftRegister_LatchData       
00000397  ShiftRegister_Clear           
000003ad  main                          
0000048d  __aeabi_memcpy                
0000048d  __aeabi_memcpy4               
0000048d  __aeabi_memcpy8               
0000048d  memcpy                        
00000529  PLL_Init                      
000005b1  SysTick_Init                  
000005cd  SysTick_Wait                  
000005f3  SysTick_Wait10ms              
00000629  __TI_decompress_lzss          
00000691  __TI_auto_init_nobinit_nopinit
000006d5  _c_int00_noargs               
00000709  __TI_zero_init_nomemset       
00000725  __TI_decompress_none          
00000733  ResetISR                      
0000073f  _system_pre_init              
00000743  C$$EXIT                       
00000743  abort                         
00000748  FSM                           
00000860  __TI_Handler_Table_Base       
0000086c  __TI_Handler_Table_Limit      
00000880  __TI_CINIT_Base               
00000890  __TI_CINIT_Limit              
20000000  __stack                       
20000000  __start___llvm_prf_cnts       
20000000  __stop___llvm_prf_cnts        
20000200  Pt                            
20000200  __STACK_END                   
20000200  __STACK_TOP                   
20000204  input                         
20000208  previousInput                 
2000020c  pedButtonTimer                
ffffffff  __TI_pprof_out_hndl           
ffffffff  __TI_prof_data_size           
ffffffff  __TI_prof_data_start          
ffffffff  __binit__                     
ffffffff  __c_args__                    
ffffffff  binit                         
UNDEFED   __mpu_init                    
UNDEFED   _system_post_cinit            

[48 symbols]
